2025/08/12 08:18:46 [notice] 1#1: using the "epoll" event method
2025/08/12 08:18:46 [notice] 1#1: nginx/1.29.0
2025/08/12 08:18:46 [notice] 1#1: built by gcc 14.2.0 (Alpine 14.2.0) 
2025/08/12 08:18:46 [notice] 1#1: OS: Linux 6.6.87.2-microsoft-standard-WSL2
2025/08/12 08:18:46 [notice] 1#1: getrlimit(RLIMIT_NOFILE): 1048576:1048576
2025/08/12 08:18:46 [notice] 1#1: start worker processes
2025/08/12 08:18:46 [notice] 1#1: start worker process 20
2025/08/12 08:18:46 [notice] 1#1: start worker process 21
2025/08/12 08:18:46 [notice] 1#1: start worker process 22
2025/08/12 08:18:46 [notice] 1#1: start worker process 23
2025/08/12 08:18:46 [notice] 1#1: start worker process 24
2025/08/12 08:18:46 [notice] 1#1: start worker process 25
2025/08/12 08:18:46 [notice] 1#1: start worker process 26
2025/08/12 08:18:46 [notice] 1#1: start worker process 27
2025/08/12 08:18:46 [notice] 1#1: start worker process 28
2025/08/12 08:18:46 [notice] 1#1: start worker process 29
2025/08/12 08:18:46 [notice] 1#1: start worker process 30
2025/08/12 08:18:46 [notice] 1#1: start worker process 31
2025/08/13 14:00:48 [notice] 1#1: using the "epoll" event method
2025/08/13 14:00:48 [notice] 1#1: nginx/1.29.0
2025/08/13 14:00:48 [notice] 1#1: built by gcc 14.2.0 (Alpine 14.2.0) 
2025/08/13 14:00:48 [notice] 1#1: OS: Linux 6.6.87.2-microsoft-standard-WSL2
2025/08/13 14:00:48 [notice] 1#1: getrlimit(RLIMIT_NOFILE): 1048576:1048576
2025/08/13 14:00:48 [notice] 1#1: start worker processes
2025/08/13 14:00:48 [notice] 1#1: start worker process 20
2025/08/13 14:00:48 [notice] 1#1: start worker process 21
2025/08/13 14:00:48 [notice] 1#1: start worker process 22
2025/08/13 14:00:48 [notice] 1#1: start worker process 23
2025/08/13 14:00:48 [notice] 1#1: start worker process 24
2025/08/13 14:00:48 [notice] 1#1: start worker process 25
2025/08/13 14:00:48 [notice] 1#1: start worker process 26
2025/08/13 14:00:48 [notice] 1#1: start worker process 27
2025/08/13 14:00:48 [notice] 1#1: start worker process 28
2025/08/13 14:00:48 [notice] 1#1: start worker process 29
2025/08/13 14:00:48 [notice] 1#1: start worker process 30
2025/08/13 14:00:48 [notice] 1#1: start worker process 31
2025/08/14 08:27:39 [notice] 1#1: using the "epoll" event method
2025/08/14 08:27:39 [notice] 1#1: nginx/1.29.0
2025/08/14 08:27:39 [notice] 1#1: built by gcc 14.2.0 (Alpine 14.2.0) 
2025/08/14 08:27:39 [notice] 1#1: OS: Linux 6.6.87.2-microsoft-standard-WSL2
2025/08/14 08:27:39 [notice] 1#1: getrlimit(RLIMIT_NOFILE): 1048576:1048576
2025/08/14 08:27:39 [notice] 1#1: start worker processes
2025/08/14 08:27:39 [notice] 1#1: start worker process 19
2025/08/14 08:27:39 [notice] 1#1: start worker process 20
2025/08/14 08:27:39 [notice] 1#1: start worker process 21
2025/08/14 08:27:39 [notice] 1#1: start worker process 22
2025/08/14 08:27:39 [notice] 1#1: start worker process 23
2025/08/14 08:27:39 [notice] 1#1: start worker process 24
2025/08/14 08:27:39 [notice] 1#1: start worker process 25
2025/08/14 08:27:39 [notice] 1#1: start worker process 26
2025/08/14 08:27:39 [notice] 1#1: start worker process 27
2025/08/14 08:27:39 [notice] 1#1: start worker process 28
2025/08/14 08:27:39 [notice] 1#1: start worker process 29
2025/08/14 08:27:39 [notice] 1#1: start worker process 30
2025/08/14 12:28:53 [notice] 1#1: signal 3 (SIGQUIT) received, shutting down
2025/08/14 12:28:53 [notice] 20#20: gracefully shutting down
2025/08/14 12:28:53 [notice] 24#24: gracefully shutting down
2025/08/14 12:28:53 [notice] 20#20: exiting
2025/08/14 12:28:53 [notice] 19#19: gracefully shutting down
2025/08/14 12:28:53 [notice] 23#23: gracefully shutting down
2025/08/14 12:28:53 [notice] 21#21: gracefully shutting down
2025/08/14 12:28:53 [notice] 22#22: gracefully shutting down
2025/08/14 12:28:53 [notice] 27#27: gracefully shutting down
2025/08/14 12:28:53 [notice] 26#26: gracefully shutting down
2025/08/14 12:28:53 [notice] 28#28: gracefully shutting down
2025/08/14 12:28:53 [notice] 25#25: gracefully shutting down
2025/08/14 12:28:53 [notice] 29#29: gracefully shutting down
2025/08/14 12:28:53 [notice] 26#26: exiting
2025/08/14 12:28:53 [notice] 30#30: gracefully shutting down
2025/08/14 12:28:53 [notice] 24#24: exiting
2025/08/14 12:28:53 [notice] 20#20: exit
2025/08/14 12:28:53 [notice] 19#19: exiting
2025/08/14 12:28:53 [notice] 24#24: exit
2025/08/14 12:28:53 [notice] 23#23: exiting
2025/08/14 12:28:53 [notice] 21#21: exiting
2025/08/14 12:28:53 [notice] 22#22: exiting
2025/08/14 12:28:53 [notice] 28#28: exiting
2025/08/14 12:28:53 [notice] 27#27: exiting
2025/08/14 12:28:53 [notice] 25#25: exiting
2025/08/14 12:28:53 [notice] 29#29: exiting
2025/08/14 12:28:53 [notice] 26#26: exit
2025/08/14 12:28:53 [notice] 30#30: exiting
2025/08/14 12:28:53 [notice] 19#19: exit
2025/08/14 12:28:53 [notice] 30#30: exit
2025/08/14 12:28:53 [notice] 23#23: exit
2025/08/14 12:28:53 [notice] 21#21: exit
2025/08/14 12:28:53 [notice] 22#22: exit
2025/08/14 12:28:53 [notice] 27#27: exit
2025/08/14 12:28:53 [notice] 25#25: exit
2025/08/14 12:28:53 [notice] 28#28: exit
2025/08/14 12:28:53 [notice] 29#29: exit
2025/08/14 12:28:54 [notice] 1#1: signal 17 (SIGCHLD) received from 26
2025/08/14 12:28:54 [notice] 1#1: worker process 26 exited with code 0
2025/08/14 12:28:54 [notice] 1#1: signal 29 (SIGIO) received
2025/08/14 12:28:54 [notice] 1#1: signal 17 (SIGCHLD) received from 30
2025/08/14 12:28:54 [notice] 1#1: worker process 30 exited with code 0
2025/08/14 12:28:54 [notice] 1#1: signal 29 (SIGIO) received
2025/08/14 12:28:54 [notice] 1#1: signal 17 (SIGCHLD) received from 25
2025/08/14 12:28:54 [notice] 1#1: worker process 19 exited with code 0
2025/08/14 12:28:54 [notice] 1#1: worker process 21 exited with code 0
2025/08/14 12:28:54 [notice] 1#1: worker process 24 exited with code 0
2025/08/14 12:28:54 [notice] 1#1: worker process 25 exited with code 0
2025/08/14 12:28:54 [notice] 1#1: worker process 27 exited with code 0
2025/08/14 12:28:54 [notice] 1#1: worker process 28 exited with code 0
2025/08/14 12:28:54 [notice] 1#1: signal 29 (SIGIO) received
2025/08/14 12:28:54 [notice] 1#1: signal 17 (SIGCHLD) received from 27
2025/08/14 12:28:54 [notice] 1#1: signal 17 (SIGCHLD) received from 22
2025/08/14 12:28:54 [notice] 1#1: worker process 20 exited with code 0
2025/08/14 12:28:54 [notice] 1#1: worker process 22 exited with code 0
2025/08/14 12:28:54 [notice] 1#1: worker process 23 exited with code 0
2025/08/14 12:28:54 [notice] 1#1: worker process 29 exited with code 0
2025/08/14 12:28:54 [notice] 1#1: exit
2025/08/14 12:28:55 [notice] 1#1: using the "epoll" event method
2025/08/14 12:28:55 [notice] 1#1: nginx/1.29.0
2025/08/14 12:28:55 [notice] 1#1: built by gcc 14.2.0 (Alpine 14.2.0) 
2025/08/14 12:28:55 [notice] 1#1: OS: Linux 6.6.87.2-microsoft-standard-WSL2
2025/08/14 12:28:55 [notice] 1#1: getrlimit(RLIMIT_NOFILE): 1048576:1048576
2025/08/14 12:28:55 [notice] 1#1: start worker processes
2025/08/14 12:28:55 [notice] 1#1: start worker process 20
2025/08/14 12:28:55 [notice] 1#1: start worker process 21
2025/08/14 12:28:55 [notice] 1#1: start worker process 22
2025/08/14 12:28:55 [notice] 1#1: start worker process 23
2025/08/14 12:28:55 [notice] 1#1: start worker process 24
2025/08/14 12:28:55 [notice] 1#1: start worker process 25
2025/08/14 12:28:55 [notice] 1#1: start worker process 26
2025/08/14 12:28:55 [notice] 1#1: start worker process 27
2025/08/14 12:28:55 [notice] 1#1: start worker process 28
2025/08/14 12:28:55 [notice] 1#1: start worker process 29
2025/08/14 12:28:55 [notice] 1#1: start worker process 30
2025/08/14 12:28:55 [notice] 1#1: start worker process 31
2025/08/14 12:42:07 [notice] 1#1: signal 3 (SIGQUIT) received, shutting down
2025/08/14 12:42:07 [notice] 20#20: gracefully shutting down
2025/08/14 12:42:07 [notice] 29#29: gracefully shutting down
2025/08/14 12:42:07 [notice] 22#22: gracefully shutting down
2025/08/14 12:42:07 [notice] 21#21: gracefully shutting down
2025/08/14 12:42:07 [notice] 23#23: gracefully shutting down
2025/08/14 12:42:07 [notice] 24#24: gracefully shutting down
2025/08/14 12:42:07 [notice] 27#27: gracefully shutting down
2025/08/14 12:42:07 [notice] 25#25: gracefully shutting down
2025/08/14 12:42:07 [notice] 28#28: gracefully shutting down
2025/08/14 12:42:07 [notice] 31#31: gracefully shutting down
2025/08/14 12:42:07 [notice] 26#26: gracefully shutting down
2025/08/14 12:42:07 [notice] 30#30: gracefully shutting down
2025/08/14 12:42:07 [notice] 20#20: exiting
2025/08/14 12:42:07 [notice] 29#29: exiting
2025/08/14 12:42:07 [notice] 22#22: exiting
2025/08/14 12:42:07 [notice] 21#21: exiting
2025/08/14 12:42:07 [notice] 23#23: exiting
2025/08/14 12:42:07 [notice] 24#24: exiting
2025/08/14 12:42:07 [notice] 27#27: exiting
2025/08/14 12:42:07 [notice] 25#25: exiting
2025/08/14 12:42:07 [notice] 28#28: exiting
2025/08/14 12:42:07 [notice] 31#31: exiting
2025/08/14 12:42:07 [notice] 26#26: exiting
2025/08/14 12:42:07 [notice] 30#30: exiting
2025/08/14 12:42:07 [notice] 20#20: exit
2025/08/14 12:42:07 [notice] 29#29: exit
2025/08/14 12:42:07 [notice] 22#22: exit
2025/08/14 12:42:07 [notice] 21#21: exit
2025/08/14 12:42:07 [notice] 23#23: exit
2025/08/14 12:42:07 [notice] 24#24: exit
2025/08/14 12:42:07 [notice] 27#27: exit
2025/08/14 12:42:07 [notice] 25#25: exit
2025/08/14 12:42:07 [notice] 28#28: exit
2025/08/14 12:42:07 [notice] 31#31: exit
2025/08/14 12:42:07 [notice] 26#26: exit
2025/08/14 12:42:07 [notice] 30#30: exit
2025/08/14 12:42:07 [notice] 1#1: signal 17 (SIGCHLD) received from 29
2025/08/14 12:42:07 [notice] 1#1: worker process 29 exited with code 0
2025/08/14 12:42:07 [notice] 1#1: signal 29 (SIGIO) received
2025/08/14 12:42:07 [notice] 1#1: signal 17 (SIGCHLD) received from 28
2025/08/14 12:42:07 [notice] 1#1: worker process 28 exited with code 0
2025/08/14 12:42:07 [notice] 1#1: signal 29 (SIGIO) received
2025/08/14 12:42:07 [notice] 1#1: signal 17 (SIGCHLD) received from 31
2025/08/14 12:42:07 [notice] 1#1: worker process 21 exited with code 0
2025/08/14 12:42:07 [notice] 1#1: worker process 31 exited with code 0
2025/08/14 12:42:07 [notice] 1#1: signal 29 (SIGIO) received
2025/08/14 12:42:07 [notice] 1#1: signal 17 (SIGCHLD) received from 21
2025/08/14 12:42:07 [notice] 1#1: signal 17 (SIGCHLD) received from 27
2025/08/14 12:42:07 [notice] 1#1: worker process 20 exited with code 0
2025/08/14 12:42:07 [notice] 1#1: worker process 22 exited with code 0
2025/08/14 12:42:07 [notice] 1#1: worker process 23 exited with code 0
2025/08/14 12:42:07 [notice] 1#1: worker process 24 exited with code 0
2025/08/14 12:42:07 [notice] 1#1: worker process 25 exited with code 0
2025/08/14 12:42:07 [notice] 1#1: worker process 26 exited with code 0
2025/08/14 12:42:07 [notice] 1#1: worker process 27 exited with code 0
2025/08/14 12:42:07 [notice] 1#1: worker process 30 exited with code 0
2025/08/14 12:42:07 [notice] 1#1: exit
2025/08/14 12:44:04 [notice] 1#1: using the "epoll" event method
2025/08/14 12:44:04 [notice] 1#1: nginx/1.29.0
2025/08/14 12:44:04 [notice] 1#1: built by gcc 14.2.0 (Alpine 14.2.0) 
2025/08/14 12:44:04 [notice] 1#1: OS: Linux 6.6.87.2-microsoft-standard-WSL2
2025/08/14 12:44:04 [notice] 1#1: getrlimit(RLIMIT_NOFILE): 1048576:1048576
2025/08/14 12:44:04 [notice] 1#1: start worker processes
2025/08/14 12:44:04 [notice] 1#1: start worker process 20
2025/08/14 12:44:04 [notice] 1#1: start worker process 21
2025/08/14 12:44:04 [notice] 1#1: start worker process 22
2025/08/14 12:44:04 [notice] 1#1: start worker process 23
2025/08/14 12:44:04 [notice] 1#1: start worker process 24
2025/08/14 12:44:04 [notice] 1#1: start worker process 25
2025/08/14 12:44:04 [notice] 1#1: start worker process 26
2025/08/14 12:44:04 [notice] 1#1: start worker process 27
2025/08/14 12:44:04 [notice] 1#1: start worker process 28
2025/08/14 12:44:04 [notice] 1#1: start worker process 29
2025/08/14 12:44:04 [notice] 1#1: start worker process 30
2025/08/14 12:44:04 [notice] 1#1: start worker process 31
2025/08/14 13:12:09 [notice] 1#1: signal 3 (SIGQUIT) received, shutting down
2025/08/14 13:12:09 [notice] 20#20: gracefully shutting down
2025/08/14 13:12:09 [notice] 29#29: gracefully shutting down
2025/08/14 13:12:09 [notice] 30#30: gracefully shutting down
2025/08/14 13:12:09 [notice] 23#23: gracefully shutting down
2025/08/14 13:12:09 [notice] 27#27: gracefully shutting down
2025/08/14 13:12:09 [notice] 22#22: gracefully shutting down
2025/08/14 13:12:09 [notice] 28#28: gracefully shutting down
2025/08/14 13:12:09 [notice] 31#31: gracefully shutting down
2025/08/14 13:12:09 [notice] 21#21: gracefully shutting down
2025/08/14 13:12:09 [notice] 22#22: exiting
2025/08/14 13:12:09 [notice] 26#26: gracefully shutting down
2025/08/14 13:12:09 [notice] 25#25: gracefully shutting down
2025/08/14 13:12:09 [notice] 24#24: gracefully shutting down
2025/08/14 13:12:09 [notice] 20#20: exiting
2025/08/14 13:12:09 [notice] 29#29: exiting
2025/08/14 13:12:09 [notice] 30#30: exiting
2025/08/14 13:12:09 [notice] 23#23: exiting
2025/08/14 13:12:09 [notice] 27#27: exiting
2025/08/14 13:12:09 [notice] 31#31: exiting
2025/08/14 13:12:09 [notice] 28#28: exiting
2025/08/14 13:12:09 [notice] 20#20: exit
2025/08/14 13:12:09 [notice] 22#22: exit
2025/08/14 13:12:09 [notice] 21#21: exiting
2025/08/14 13:12:09 [notice] 29#29: exit
2025/08/14 13:12:09 [notice] 26#26: exiting
2025/08/14 13:12:09 [notice] 21#21: exit
2025/08/14 13:12:09 [notice] 30#30: exit
2025/08/14 13:12:09 [notice] 25#25: exiting
2025/08/14 13:12:09 [notice] 24#24: exiting
2025/08/14 13:12:09 [notice] 23#23: exit
2025/08/14 13:12:09 [notice] 27#27: exit
2025/08/14 13:12:09 [notice] 31#31: exit
2025/08/14 13:12:09 [notice] 28#28: exit
2025/08/14 13:12:09 [notice] 26#26: exit
2025/08/14 13:12:09 [notice] 25#25: exit
2025/08/14 13:12:09 [notice] 24#24: exit
2025/08/14 13:12:09 [notice] 1#1: signal 17 (SIGCHLD) received from 23
2025/08/14 13:12:09 [notice] 1#1: worker process 23 exited with code 0
2025/08/14 13:12:09 [notice] 1#1: signal 29 (SIGIO) received
2025/08/14 13:12:09 [notice] 1#1: signal 17 (SIGCHLD) received from 22
2025/08/14 13:12:09 [notice] 1#1: worker process 21 exited with code 0
2025/08/14 13:12:09 [notice] 1#1: worker process 22 exited with code 0
2025/08/14 13:12:09 [notice] 1#1: signal 29 (SIGIO) received
2025/08/14 13:12:09 [notice] 1#1: signal 17 (SIGCHLD) received from 21
2025/08/14 13:12:09 [notice] 1#1: signal 17 (SIGCHLD) received from 20
2025/08/14 13:12:09 [notice] 1#1: worker process 20 exited with code 0
2025/08/14 13:12:09 [notice] 1#1: worker process 24 exited with code 0
2025/08/14 13:12:09 [notice] 1#1: worker process 25 exited with code 0
2025/08/14 13:12:09 [notice] 1#1: worker process 26 exited with code 0
2025/08/14 13:12:09 [notice] 1#1: worker process 27 exited with code 0
2025/08/14 13:12:09 [notice] 1#1: worker process 29 exited with code 0
2025/08/14 13:12:09 [notice] 1#1: worker process 30 exited with code 0
2025/08/14 13:12:09 [notice] 1#1: worker process 28 exited with code 0
2025/08/14 13:12:09 [notice] 1#1: signal 29 (SIGIO) received
2025/08/14 13:12:09 [notice] 1#1: signal 17 (SIGCHLD) received from 24
2025/08/14 13:12:09 [notice] 1#1: signal 17 (SIGCHLD) received from 31
2025/08/14 13:12:09 [notice] 1#1: worker process 31 exited with code 0
2025/08/14 13:12:09 [notice] 1#1: exit
2025/08/14 13:15:10 [notice] 1#1: using the "epoll" event method
2025/08/14 13:15:10 [notice] 1#1: nginx/1.29.0
2025/08/14 13:15:10 [notice] 1#1: built by gcc 14.2.0 (Alpine 14.2.0) 
2025/08/14 13:15:10 [notice] 1#1: OS: Linux 6.6.87.2-microsoft-standard-WSL2
2025/08/14 13:15:10 [notice] 1#1: getrlimit(RLIMIT_NOFILE): 1048576:1048576
2025/08/14 13:15:10 [notice] 1#1: start worker processes
2025/08/14 13:15:10 [notice] 1#1: start worker process 20
2025/08/14 13:15:10 [notice] 1#1: start worker process 21
2025/08/14 13:15:10 [notice] 1#1: start worker process 22
2025/08/14 13:15:10 [notice] 1#1: start worker process 23
2025/08/14 13:15:10 [notice] 1#1: start worker process 24
2025/08/14 13:15:10 [notice] 1#1: start worker process 25
2025/08/14 13:15:10 [notice] 1#1: start worker process 26
2025/08/14 13:15:10 [notice] 1#1: start worker process 27
2025/08/14 13:15:10 [notice] 1#1: start worker process 28
2025/08/14 13:15:10 [notice] 1#1: start worker process 29
2025/08/14 13:15:10 [notice] 1#1: start worker process 30
2025/08/14 13:15:10 [notice] 1#1: start worker process 31
2025/08/14 13:25:39 [notice] 1#1: signal 3 (SIGQUIT) received, shutting down
2025/08/14 13:25:39 [notice] 20#20: gracefully shutting down
2025/08/14 13:25:39 [notice] 21#21: gracefully shutting down
2025/08/14 13:25:39 [notice] 22#22: gracefully shutting down
2025/08/14 13:25:39 [notice] 23#23: gracefully shutting down
2025/08/14 13:25:39 [notice] 24#24: gracefully shutting down
2025/08/14 13:25:39 [notice] 27#27: gracefully shutting down
2025/08/14 13:25:39 [notice] 29#29: gracefully shutting down
2025/08/14 13:25:39 [notice] 27#27: exiting
2025/08/14 13:25:39 [notice] 30#30: gracefully shutting down
2025/08/14 13:25:39 [notice] 28#28: gracefully shutting down
2025/08/14 13:25:39 [notice] 25#25: gracefully shutting down
2025/08/14 13:25:39 [notice] 31#31: gracefully shutting down
2025/08/14 13:25:39 [notice] 25#25: exiting
2025/08/14 13:25:39 [notice] 26#26: gracefully shutting down
2025/08/14 13:25:39 [notice] 20#20: exiting
2025/08/14 13:25:39 [notice] 26#26: exiting
2025/08/14 13:25:39 [notice] 21#21: exiting
2025/08/14 13:25:39 [notice] 22#22: exiting
2025/08/14 13:25:39 [notice] 23#23: exiting
2025/08/14 13:25:39 [notice] 24#24: exiting
2025/08/14 13:25:39 [notice] 29#29: exiting
2025/08/14 13:25:39 [notice] 27#27: exit
2025/08/14 13:25:39 [notice] 30#30: exiting
2025/08/14 13:25:39 [notice] 28#28: exiting
2025/08/14 13:25:39 [notice] 25#25: exit
2025/08/14 13:25:39 [notice] 31#31: exiting
2025/08/14 13:25:39 [notice] 20#20: exit
2025/08/14 13:25:39 [notice] 26#26: exit
2025/08/14 13:25:39 [notice] 21#21: exit
2025/08/14 13:25:39 [notice] 22#22: exit
2025/08/14 13:25:39 [notice] 23#23: exit
2025/08/14 13:25:39 [notice] 24#24: exit
2025/08/14 13:25:39 [notice] 29#29: exit
2025/08/14 13:25:39 [notice] 30#30: exit
2025/08/14 13:25:39 [notice] 28#28: exit
2025/08/14 13:25:39 [notice] 31#31: exit
2025/08/14 13:25:39 [notice] 1#1: signal 17 (SIGCHLD) received from 25
2025/08/14 13:25:39 [notice] 1#1: worker process 25 exited with code 0
2025/08/14 13:25:39 [notice] 1#1: signal 29 (SIGIO) received
2025/08/14 13:25:39 [notice] 1#1: signal 17 (SIGCHLD) received from 20
2025/08/14 13:25:39 [notice] 1#1: worker process 20 exited with code 0
2025/08/14 13:25:39 [notice] 1#1: worker process 21 exited with code 0
2025/08/14 13:25:39 [notice] 1#1: signal 29 (SIGIO) received
2025/08/14 13:25:40 [notice] 1#1: signal 17 (SIGCHLD) received from 28
2025/08/14 13:25:40 [notice] 1#1: worker process 28 exited with code 0
2025/08/14 13:25:40 [notice] 1#1: signal 29 (SIGIO) received
2025/08/14 13:25:40 [notice] 1#1: signal 17 (SIGCHLD) received from 24
2025/08/14 13:25:40 [notice] 1#1: worker process 22 exited with code 0
2025/08/14 13:25:40 [notice] 1#1: worker process 24 exited with code 0
2025/08/14 13:25:40 [notice] 1#1: worker process 26 exited with code 0
2025/08/14 13:25:40 [notice] 1#1: worker process 29 exited with code 0
2025/08/14 13:25:40 [notice] 1#1: worker process 31 exited with code 0
2025/08/14 13:25:40 [notice] 1#1: signal 29 (SIGIO) received
2025/08/14 13:25:40 [notice] 1#1: signal 17 (SIGCHLD) received from 26
2025/08/14 13:25:40 [notice] 1#1: signal 17 (SIGCHLD) received from 30
2025/08/14 13:25:40 [notice] 1#1: worker process 23 exited with code 0
2025/08/14 13:25:40 [notice] 1#1: worker process 27 exited with code 0
2025/08/14 13:25:40 [notice] 1#1: worker process 30 exited with code 0
2025/08/14 13:25:40 [notice] 1#1: exit
2025/08/14 13:28:47 [notice] 1#1: using the "epoll" event method
2025/08/14 13:28:47 [notice] 1#1: nginx/1.29.0
2025/08/14 13:28:47 [notice] 1#1: built by gcc 14.2.0 (Alpine 14.2.0) 
2025/08/14 13:28:47 [notice] 1#1: OS: Linux 6.6.87.2-microsoft-standard-WSL2
2025/08/14 13:28:47 [notice] 1#1: getrlimit(RLIMIT_NOFILE): 1048576:1048576
2025/08/14 13:28:47 [notice] 1#1: start worker processes
2025/08/14 13:28:47 [notice] 1#1: start worker process 21
2025/08/14 13:28:47 [notice] 1#1: start worker process 22
2025/08/14 13:28:47 [notice] 1#1: start worker process 23
2025/08/14 13:28:47 [notice] 1#1: start worker process 24
2025/08/14 13:28:47 [notice] 1#1: start worker process 25
2025/08/14 13:28:47 [notice] 1#1: start worker process 26
2025/08/14 13:28:47 [notice] 1#1: start worker process 27
2025/08/14 13:28:47 [notice] 1#1: start worker process 28
2025/08/14 13:28:47 [notice] 1#1: start worker process 29
2025/08/14 13:28:47 [notice] 1#1: start worker process 30
2025/08/14 13:28:47 [notice] 1#1: start worker process 31
2025/08/14 13:28:47 [notice] 1#1: start worker process 32
2025/08/14 13:28:47 [notice] 33#33: signal process started
2025/08/14 13:28:47 [notice] 1#1: signal 1 (SIGHUP) received from 33, reconfiguring
2025/08/14 13:28:47 [notice] 1#1: reconfiguring
2025/08/14 13:28:47 [notice] 1#1: using the "epoll" event method
2025/08/14 13:28:47 [notice] 1#1: start worker processes
2025/08/14 13:28:47 [notice] 1#1: start worker process 39
2025/08/14 13:28:47 [notice] 1#1: start worker process 40
2025/08/14 13:28:47 [notice] 1#1: start worker process 41
2025/08/14 13:28:47 [notice] 1#1: start worker process 42
2025/08/14 13:28:47 [notice] 1#1: start worker process 43
2025/08/14 13:28:47 [notice] 1#1: start worker process 44
2025/08/14 13:28:47 [notice] 1#1: start worker process 45
2025/08/14 13:28:47 [notice] 1#1: start worker process 46
2025/08/14 13:28:47 [notice] 1#1: start worker process 47
2025/08/14 13:28:47 [notice] 1#1: start worker process 48
2025/08/14 13:28:47 [notice] 1#1: start worker process 49
2025/08/14 13:28:47 [notice] 1#1: start worker process 50
2025/08/14 13:28:48 [notice] 21#21: gracefully shutting down
2025/08/14 13:28:48 [notice] 22#22: gracefully shutting down
2025/08/14 13:28:48 [notice] 23#23: gracefully shutting down
2025/08/14 13:28:48 [notice] 25#25: gracefully shutting down
2025/08/14 13:28:48 [notice] 24#24: gracefully shutting down
2025/08/14 13:28:48 [notice] 24#24: exiting
2025/08/14 13:28:48 [notice] 26#26: gracefully shutting down
2025/08/14 13:28:48 [notice] 27#27: gracefully shutting down
2025/08/14 13:28:48 [notice] 28#28: gracefully shutting down
2025/08/14 13:28:48 [notice] 29#29: gracefully shutting down
2025/08/14 13:28:48 [notice] 30#30: gracefully shutting down
2025/08/14 13:28:48 [notice] 30#30: exiting
2025/08/14 13:28:48 [notice] 31#31: gracefully shutting down
2025/08/14 13:28:48 [notice] 32#32: gracefully shutting down
2025/08/14 13:28:48 [notice] 21#21: exiting
2025/08/14 13:28:48 [notice] 22#22: exiting
2025/08/14 13:28:48 [notice] 23#23: exiting
2025/08/14 13:28:48 [notice] 25#25: exiting
2025/08/14 13:28:48 [notice] 24#24: exit
2025/08/14 13:28:48 [notice] 26#26: exiting
2025/08/14 13:28:48 [notice] 27#27: exiting
2025/08/14 13:28:48 [notice] 28#28: exiting
2025/08/14 13:28:48 [notice] 29#29: exiting
2025/08/14 13:28:48 [notice] 30#30: exit
2025/08/14 13:28:48 [notice] 31#31: exiting
2025/08/14 13:28:48 [notice] 32#32: exiting
2025/08/14 13:28:48 [notice] 21#21: exit
2025/08/14 13:28:48 [notice] 22#22: exit
2025/08/14 13:28:48 [notice] 23#23: exit
2025/08/14 13:28:48 [notice] 25#25: exit
2025/08/14 13:28:48 [notice] 26#26: exit
2025/08/14 13:28:48 [notice] 27#27: exit
2025/08/14 13:28:48 [notice] 28#28: exit
2025/08/14 13:28:48 [notice] 29#29: exit
2025/08/14 13:28:48 [notice] 31#31: exit
2025/08/14 13:28:48 [notice] 32#32: exit
2025/08/14 13:28:48 [notice] 1#1: signal 17 (SIGCHLD) received from 22
2025/08/14 13:28:48 [notice] 1#1: worker process 22 exited with code 0
2025/08/14 13:28:48 [notice] 1#1: worker process 30 exited with code 0
2025/08/14 13:28:48 [notice] 1#1: signal 29 (SIGIO) received
2025/08/14 13:28:48 [notice] 1#1: signal 17 (SIGCHLD) received from 24
2025/08/14 13:28:48 [notice] 1#1: worker process 24 exited with code 0
2025/08/14 13:28:48 [notice] 1#1: signal 29 (SIGIO) received
2025/08/14 13:28:48 [notice] 1#1: signal 17 (SIGCHLD) received from 29
2025/08/14 13:28:48 [notice] 1#1: worker process 29 exited with code 0
2025/08/14 13:28:48 [notice] 1#1: signal 29 (SIGIO) received
2025/08/14 13:28:48 [notice] 1#1: signal 17 (SIGCHLD) received from 25
2025/08/14 13:28:48 [notice] 1#1: worker process 25 exited with code 0
2025/08/14 13:28:48 [notice] 1#1: worker process 32 exited with code 0
2025/08/14 13:28:48 [notice] 1#1: signal 29 (SIGIO) received
2025/08/14 13:28:48 [notice] 1#1: signal 17 (SIGCHLD) received from 26
2025/08/14 13:28:48 [notice] 1#1: worker process 21 exited with code 0
2025/08/14 13:28:48 [notice] 1#1: worker process 23 exited with code 0
2025/08/14 13:28:48 [notice] 1#1: worker process 26 exited with code 0
2025/08/14 13:28:48 [notice] 1#1: worker process 27 exited with code 0
2025/08/14 13:28:48 [notice] 1#1: worker process 28 exited with code 0
2025/08/14 13:28:48 [notice] 1#1: worker process 31 exited with code 0
2025/08/14 13:28:48 [notice] 1#1: signal 17 (SIGCHLD) received from 27
2025/08/14 13:28:48 [notice] 1#1: signal 29 (SIGIO) received
2025/08/14 13:49:26 [warn] 39#39: *33 an upstream response is buffered to a temporary file /var/cache/nginx/proxy_temp/1/00/0000000001 while reading upstream, client: 172.20.0.1, server: _, request: "GET /static/js/main.95349ea3.js.map HTTP/1.1", upstream: "http://172.20.0.5:80/static/js/main.95349ea3.js.map", host: "localhost"
2025/08/14 13:59:24 [notice] 1#1: signal 3 (SIGQUIT) received, shutting down
2025/08/14 13:59:24 [notice] 39#39: gracefully shutting down
2025/08/14 13:59:24 [notice] 42#42: gracefully shutting down
2025/08/14 13:59:24 [notice] 43#43: gracefully shutting down
2025/08/14 13:59:24 [notice] 50#50: gracefully shutting down
2025/08/14 13:59:24 [notice] 41#41: gracefully shutting down
2025/08/14 13:59:24 [notice] 40#40: gracefully shutting down
2025/08/14 13:59:24 [notice] 45#45: gracefully shutting down
2025/08/14 13:59:24 [notice] 44#44: gracefully shutting down
2025/08/14 13:59:24 [notice] 46#46: gracefully shutting down
2025/08/14 13:59:24 [notice] 48#48: gracefully shutting down
2025/08/14 13:59:24 [notice] 49#49: gracefully shutting down
2025/08/14 13:59:24 [notice] 47#47: gracefully shutting down
2025/08/14 13:59:24 [notice] 39#39: exiting
2025/08/14 13:59:24 [notice] 42#42: exiting
2025/08/14 13:59:24 [notice] 50#50: exiting
2025/08/14 13:59:24 [notice] 41#41: exiting
2025/08/14 13:59:24 [notice] 43#43: exiting
2025/08/14 13:59:24 [notice] 44#44: exiting
2025/08/14 13:59:24 [notice] 40#40: exiting
2025/08/14 13:59:24 [notice] 45#45: exiting
2025/08/14 13:59:24 [notice] 46#46: exiting
2025/08/14 13:59:24 [notice] 48#48: exiting
2025/08/14 13:59:24 [notice] 49#49: exiting
2025/08/14 13:59:24 [notice] 47#47: exiting
2025/08/14 13:59:24 [notice] 48#48: exit
2025/08/14 13:59:24 [notice] 39#39: exit
2025/08/14 13:59:24 [notice] 50#50: exit
2025/08/14 13:59:24 [notice] 42#42: exit
2025/08/14 13:59:24 [notice] 41#41: exit
2025/08/14 13:59:24 [notice] 44#44: exit
2025/08/14 13:59:24 [notice] 43#43: exit
2025/08/14 13:59:24 [notice] 40#40: exit
2025/08/14 13:59:24 [notice] 45#45: exit
2025/08/14 13:59:24 [notice] 46#46: exit
2025/08/14 13:59:24 [notice] 49#49: exit
2025/08/14 13:59:24 [notice] 47#47: exit
2025/08/14 13:59:25 [notice] 1#1: signal 17 (SIGCHLD) received from 41
2025/08/14 13:59:25 [notice] 1#1: worker process 41 exited with code 0
2025/08/14 13:59:25 [notice] 1#1: signal 29 (SIGIO) received
2025/08/14 13:59:25 [notice] 1#1: signal 17 (SIGCHLD) received from 42
2025/08/14 13:59:25 [notice] 1#1: worker process 39 exited with code 0
2025/08/14 13:59:25 [notice] 1#1: worker process 42 exited with code 0
2025/08/14 13:59:25 [notice] 1#1: worker process 47 exited with code 0
2025/08/14 13:59:25 [notice] 1#1: worker process 49 exited with code 0
2025/08/14 13:59:25 [notice] 1#1: signal 29 (SIGIO) received
2025/08/14 13:59:25 [notice] 1#1: signal 17 (SIGCHLD) received from 39
2025/08/14 13:59:25 [notice] 1#1: signal 17 (SIGCHLD) received from 44
2025/08/14 13:59:25 [notice] 1#1: worker process 44 exited with code 0
2025/08/14 13:59:25 [notice] 1#1: worker process 48 exited with code 0
2025/08/14 13:59:25 [notice] 1#1: worker process 50 exited with code 0
2025/08/14 13:59:25 [notice] 1#1: signal 29 (SIGIO) received
2025/08/14 13:59:25 [notice] 1#1: signal 17 (SIGCHLD) received from 48
2025/08/14 13:59:25 [notice] 1#1: worker process 45 exited with code 0
2025/08/14 13:59:25 [notice] 1#1: worker process 40 exited with code 0
2025/08/14 13:59:25 [notice] 1#1: worker process 43 exited with code 0
2025/08/14 13:59:25 [notice] 1#1: worker process 46 exited with code 0
2025/08/14 13:59:25 [notice] 1#1: exit
2025/08/14 14:03:55 [notice] 1#1: using the "epoll" event method
2025/08/14 14:03:55 [notice] 1#1: nginx/1.29.0
2025/08/14 14:03:55 [notice] 1#1: built by gcc 14.2.0 (Alpine 14.2.0) 
2025/08/14 14:03:55 [notice] 1#1: OS: Linux 6.6.87.2-microsoft-standard-WSL2
2025/08/14 14:03:55 [notice] 1#1: getrlimit(RLIMIT_NOFILE): 1048576:1048576
2025/08/14 14:03:55 [notice] 1#1: start worker processes
2025/08/14 14:03:55 [notice] 1#1: start worker process 21
2025/08/14 14:03:55 [notice] 1#1: start worker process 22
2025/08/14 14:03:55 [notice] 1#1: start worker process 23
2025/08/14 14:03:55 [notice] 1#1: start worker process 24
2025/08/14 14:03:55 [notice] 1#1: start worker process 25
2025/08/14 14:03:55 [notice] 1#1: start worker process 26
2025/08/14 14:03:55 [notice] 1#1: start worker process 27
2025/08/14 14:03:55 [notice] 1#1: start worker process 28
2025/08/14 14:03:55 [notice] 1#1: start worker process 29
2025/08/14 14:03:55 [notice] 1#1: start worker process 30
2025/08/14 14:03:55 [notice] 1#1: start worker process 31
2025/08/14 14:03:55 [notice] 1#1: start worker process 32
2025/08/14 14:03:56 [notice] 33#33: signal process started
2025/08/14 14:03:56 [notice] 1#1: signal 1 (SIGHUP) received from 33, reconfiguring
2025/08/14 14:03:56 [notice] 1#1: reconfiguring
2025/08/14 14:03:56 [notice] 1#1: using the "epoll" event method
2025/08/14 14:03:56 [notice] 1#1: start worker processes
2025/08/14 14:03:56 [notice] 1#1: start worker process 39
2025/08/14 14:03:56 [notice] 1#1: start worker process 40
2025/08/14 14:03:56 [notice] 1#1: start worker process 41
2025/08/14 14:03:56 [notice] 1#1: start worker process 42
2025/08/14 14:03:56 [notice] 1#1: start worker process 43
2025/08/14 14:03:56 [notice] 1#1: start worker process 44
2025/08/14 14:03:56 [notice] 1#1: start worker process 45
2025/08/14 14:03:56 [notice] 1#1: start worker process 46
2025/08/14 14:03:56 [notice] 1#1: start worker process 47
2025/08/14 14:03:56 [notice] 1#1: start worker process 48
2025/08/14 14:03:56 [notice] 1#1: start worker process 49
2025/08/14 14:03:56 [notice] 1#1: start worker process 50
2025/08/14 14:03:56 [notice] 21#21: gracefully shutting down
2025/08/14 14:03:56 [notice] 22#22: gracefully shutting down
2025/08/14 14:03:56 [notice] 23#23: gracefully shutting down
2025/08/14 14:03:56 [notice] 24#24: gracefully shutting down
2025/08/14 14:03:56 [notice] 25#25: gracefully shutting down
2025/08/14 14:03:56 [notice] 26#26: gracefully shutting down
2025/08/14 14:03:56 [notice] 27#27: gracefully shutting down
2025/08/14 14:03:56 [notice] 28#28: gracefully shutting down
2025/08/14 14:03:56 [notice] 29#29: gracefully shutting down
2025/08/14 14:03:56 [notice] 31#31: gracefully shutting down
2025/08/14 14:03:56 [notice] 30#30: gracefully shutting down
2025/08/14 14:03:56 [notice] 30#30: exiting
2025/08/14 14:03:56 [notice] 32#32: gracefully shutting down
2025/08/14 14:03:56 [notice] 21#21: exiting
2025/08/14 14:03:56 [notice] 22#22: exiting
2025/08/14 14:03:56 [notice] 23#23: exiting
2025/08/14 14:03:56 [notice] 24#24: exiting
2025/08/14 14:03:56 [notice] 25#25: exiting
2025/08/14 14:03:56 [notice] 26#26: exiting
2025/08/14 14:03:56 [notice] 27#27: exiting
2025/08/14 14:03:56 [notice] 28#28: exiting
2025/08/14 14:03:56 [notice] 29#29: exiting
2025/08/14 14:03:56 [notice] 28#28: exit
2025/08/14 14:03:56 [notice] 31#31: exiting
2025/08/14 14:03:56 [notice] 32#32: exiting
2025/08/14 14:03:56 [notice] 30#30: exit
2025/08/14 14:03:56 [notice] 21#21: exit
2025/08/14 14:03:56 [notice] 22#22: exit
2025/08/14 14:03:56 [notice] 23#23: exit
2025/08/14 14:03:56 [notice] 24#24: exit
2025/08/14 14:03:56 [notice] 25#25: exit
2025/08/14 14:03:56 [notice] 26#26: exit
2025/08/14 14:03:56 [notice] 27#27: exit
2025/08/14 14:03:56 [notice] 29#29: exit
2025/08/14 14:03:56 [notice] 31#31: exit
2025/08/14 14:03:56 [notice] 32#32: exit
2025/08/14 14:03:57 [notice] 1#1: signal 17 (SIGCHLD) received from 32
2025/08/14 14:03:57 [notice] 1#1: worker process 22 exited with code 0
2025/08/14 14:03:57 [notice] 1#1: worker process 32 exited with code 0
2025/08/14 14:03:57 [notice] 1#1: signal 29 (SIGIO) received
2025/08/14 14:03:57 [notice] 1#1: signal 17 (SIGCHLD) received from 28
2025/08/14 14:03:57 [notice] 1#1: worker process 28 exited with code 0
2025/08/14 14:03:57 [notice] 1#1: signal 29 (SIGIO) received
2025/08/14 14:03:57 [notice] 1#1: signal 17 (SIGCHLD) received from 26
2025/08/14 14:03:57 [notice] 1#1: worker process 26 exited with code 0
2025/08/14 14:03:57 [notice] 1#1: signal 29 (SIGIO) received
2025/08/14 14:03:57 [notice] 1#1: signal 17 (SIGCHLD) received from 24
2025/08/14 14:03:57 [notice] 1#1: worker process 24 exited with code 0
2025/08/14 14:03:57 [notice] 1#1: worker process 30 exited with code 0
2025/08/14 14:03:57 [notice] 1#1: signal 29 (SIGIO) received
2025/08/14 14:03:57 [notice] 1#1: signal 17 (SIGCHLD) received from 27
2025/08/14 14:03:57 [notice] 1#1: worker process 21 exited with code 0
2025/08/14 14:03:57 [notice] 1#1: worker process 23 exited with code 0
2025/08/14 14:03:57 [notice] 1#1: worker process 25 exited with code 0
2025/08/14 14:03:57 [notice] 1#1: worker process 27 exited with code 0
2025/08/14 14:03:57 [notice] 1#1: worker process 29 exited with code 0
2025/08/14 14:03:57 [notice] 1#1: worker process 31 exited with code 0
2025/08/14 14:03:57 [notice] 1#1: signal 29 (SIGIO) received
2025/08/14 14:03:57 [notice] 1#1: signal 17 (SIGCHLD) received from 25
2025/08/14 14:23:19 [warn] 45#45: *35 an upstream response is buffered to a temporary file /var/cache/nginx/proxy_temp/1/00/0000000001 while reading upstream, client: 172.20.0.1, server: _, request: "GET /static/js/main.34264762.js.map HTTP/1.1", upstream: "http://172.20.0.5:80/static/js/main.34264762.js.map", host: "localhost"
2025/08/14 14:31:06 [warn] 50#50: *74 an upstream response is buffered to a temporary file /var/cache/nginx/proxy_temp/2/00/0000000002 while reading upstream, client: 172.20.0.1, server: _, request: "GET /static/js/main.34264762.js.map HTTP/1.1", upstream: "http://172.20.0.5:80/static/js/main.34264762.js.map", host: "localhost"
2025/08/14 14:31:18 [warn] 50#50: *73 a client request body is buffered to a temporary file /var/cache/nginx/client_temp/0000000003, client: 172.20.0.1, server: _, request: "POST /api/upload HTTP/1.1", host: "localhost", referrer: "http://localhost/upload"
2025/08/15 08:29:01 [notice] 1#1: using the "epoll" event method
2025/08/15 08:29:01 [notice] 1#1: nginx/1.29.0
2025/08/15 08:29:01 [notice] 1#1: built by gcc 14.2.0 (Alpine 14.2.0) 
2025/08/15 08:29:01 [notice] 1#1: OS: Linux 6.6.87.2-microsoft-standard-WSL2
2025/08/15 08:29:01 [notice] 1#1: getrlimit(RLIMIT_NOFILE): 1048576:1048576
2025/08/15 08:29:01 [notice] 1#1: start worker processes
2025/08/15 08:29:01 [notice] 1#1: start worker process 21
2025/08/15 08:29:01 [notice] 1#1: start worker process 22
2025/08/15 08:29:01 [notice] 1#1: start worker process 23
2025/08/15 08:29:01 [notice] 1#1: start worker process 24
2025/08/15 08:29:01 [notice] 1#1: start worker process 25
2025/08/15 08:29:01 [notice] 1#1: start worker process 26
2025/08/15 08:29:01 [notice] 1#1: start worker process 27
2025/08/15 08:29:01 [notice] 1#1: start worker process 28
2025/08/15 08:29:01 [notice] 1#1: start worker process 29
2025/08/15 08:29:01 [notice] 1#1: start worker process 30
2025/08/15 08:29:01 [notice] 1#1: start worker process 31
2025/08/15 08:29:01 [notice] 1#1: start worker process 32
2025/08/15 09:04:30 [notice] 33#33: signal process started
2025/08/15 09:04:30 [notice] 1#1: signal 1 (SIGHUP) received from 33, reconfiguring
2025/08/15 09:04:30 [notice] 1#1: reconfiguring
2025/08/15 09:04:30 [notice] 1#1: using the "epoll" event method
2025/08/15 09:04:30 [notice] 1#1: start worker processes
2025/08/15 09:04:30 [notice] 1#1: start worker process 40
2025/08/15 09:04:30 [notice] 1#1: start worker process 41
2025/08/15 09:04:30 [notice] 1#1: start worker process 42
2025/08/15 09:04:30 [notice] 1#1: start worker process 43
2025/08/15 09:04:30 [notice] 1#1: start worker process 44
2025/08/15 09:04:30 [notice] 1#1: start worker process 45
2025/08/15 09:04:30 [notice] 1#1: start worker process 46
2025/08/15 09:04:30 [notice] 1#1: start worker process 47
2025/08/15 09:04:30 [notice] 1#1: start worker process 48
2025/08/15 09:04:30 [notice] 1#1: start worker process 49
2025/08/15 09:04:30 [notice] 1#1: start worker process 50
2025/08/15 09:04:30 [notice] 1#1: start worker process 51
2025/08/15 09:04:31 [notice] 25#25: gracefully shutting down
2025/08/15 09:04:31 [notice] 28#28: gracefully shutting down
2025/08/15 09:04:31 [notice] 27#27: gracefully shutting down
2025/08/15 09:04:31 [notice] 30#30: gracefully shutting down
2025/08/15 09:04:31 [notice] 24#24: gracefully shutting down
2025/08/15 09:04:31 [notice] 22#22: gracefully shutting down
2025/08/15 09:04:31 [notice] 23#23: gracefully shutting down
2025/08/15 09:04:31 [notice] 32#32: gracefully shutting down
2025/08/15 09:04:31 [notice] 26#26: gracefully shutting down
2025/08/15 09:04:31 [notice] 21#21: gracefully shutting down
2025/08/15 09:04:31 [notice] 31#31: gracefully shutting down
2025/08/15 09:04:31 [notice] 29#29: gracefully shutting down
2025/08/15 09:04:31 [notice] 25#25: exiting
2025/08/15 09:04:31 [notice] 28#28: exiting
2025/08/15 09:04:31 [notice] 27#27: exiting
2025/08/15 09:04:31 [notice] 28#28: exit
2025/08/15 09:04:31 [notice] 30#30: exiting
2025/08/15 09:04:31 [notice] 24#24: exiting
2025/08/15 09:04:31 [notice] 22#22: exiting
2025/08/15 09:04:31 [notice] 23#23: exiting
2025/08/15 09:04:31 [notice] 32#32: exiting
2025/08/15 09:04:31 [notice] 26#26: exiting
2025/08/15 09:04:31 [notice] 21#21: exiting
2025/08/15 09:04:31 [notice] 25#25: exit
2025/08/15 09:04:31 [notice] 31#31: exiting
2025/08/15 09:04:31 [notice] 29#29: exiting
2025/08/15 09:04:31 [notice] 31#31: exit
2025/08/15 09:04:31 [notice] 27#27: exit
2025/08/15 09:04:31 [notice] 30#30: exit
2025/08/15 09:04:31 [notice] 24#24: exit
2025/08/15 09:04:31 [notice] 22#22: exit
2025/08/15 09:04:31 [notice] 23#23: exit
2025/08/15 09:04:31 [notice] 32#32: exit
2025/08/15 09:04:31 [notice] 26#26: exit
2025/08/15 09:04:31 [notice] 21#21: exit
2025/08/15 09:04:31 [notice] 29#29: exit
2025/08/15 09:04:31 [notice] 1#1: signal 17 (SIGCHLD) received from 28
2025/08/15 09:04:31 [notice] 1#1: worker process 28 exited with code 0
2025/08/15 09:04:31 [notice] 1#1: signal 29 (SIGIO) received
2025/08/15 09:04:31 [notice] 1#1: signal 17 (SIGCHLD) received from 25
2025/08/15 09:04:31 [notice] 1#1: worker process 25 exited with code 0
2025/08/15 09:04:31 [notice] 1#1: signal 29 (SIGIO) received
2025/08/15 09:04:31 [notice] 1#1: signal 17 (SIGCHLD) received from 30
2025/08/15 09:04:31 [notice] 1#1: worker process 24 exited with code 0
2025/08/15 09:04:31 [notice] 1#1: worker process 30 exited with code 0
2025/08/15 09:04:31 [notice] 1#1: worker process 31 exited with code 0
2025/08/15 09:04:31 [notice] 1#1: worker process 32 exited with code 0
2025/08/15 09:04:31 [notice] 1#1: signal 29 (SIGIO) received
2025/08/15 09:04:31 [notice] 1#1: signal 17 (SIGCHLD) received from 31
2025/08/15 09:04:31 [notice] 1#1: signal 17 (SIGCHLD) received from 26
2025/08/15 09:04:31 [notice] 1#1: worker process 21 exited with code 0
2025/08/15 09:04:31 [notice] 1#1: worker process 23 exited with code 0
2025/08/15 09:04:31 [notice] 1#1: worker process 26 exited with code 0
2025/08/15 09:04:31 [notice] 1#1: worker process 27 exited with code 0
2025/08/15 09:04:31 [notice] 1#1: signal 29 (SIGIO) received
2025/08/15 09:04:31 [notice] 1#1: signal 17 (SIGCHLD) received from 21
2025/08/15 09:04:31 [notice] 1#1: signal 17 (SIGCHLD) received from 22
2025/08/15 09:04:31 [notice] 1#1: worker process 22 exited with code 0
2025/08/15 09:04:31 [notice] 1#1: signal 29 (SIGIO) received
2025/08/15 09:04:31 [notice] 1#1: signal 17 (SIGCHLD) received from 29
2025/08/15 09:04:31 [notice] 1#1: worker process 29 exited with code 0
2025/08/15 09:04:31 [notice] 1#1: signal 29 (SIGIO) received
2025/08/15 09:08:05 [notice] 52#52: signal process started
2025/08/15 09:08:05 [notice] 1#1: signal 1 (SIGHUP) received from 52, reconfiguring
2025/08/15 09:08:05 [notice] 1#1: reconfiguring
2025/08/15 09:08:05 [notice] 1#1: using the "epoll" event method
2025/08/15 09:08:05 [notice] 1#1: start worker processes
2025/08/15 09:08:05 [notice] 1#1: start worker process 59
2025/08/15 09:08:05 [notice] 1#1: start worker process 60
2025/08/15 09:08:05 [notice] 1#1: start worker process 61
2025/08/15 09:08:05 [notice] 1#1: start worker process 62
2025/08/15 09:08:05 [notice] 1#1: start worker process 63
2025/08/15 09:08:05 [notice] 1#1: start worker process 64
2025/08/15 09:08:05 [notice] 1#1: start worker process 65
2025/08/15 09:08:05 [notice] 1#1: start worker process 66
2025/08/15 09:08:05 [notice] 1#1: start worker process 67
2025/08/15 09:08:05 [notice] 1#1: start worker process 68
2025/08/15 09:08:05 [notice] 1#1: start worker process 69
2025/08/15 09:08:05 [notice] 1#1: start worker process 70
2025/08/15 09:08:06 [notice] 42#42: gracefully shutting down
2025/08/15 09:08:06 [notice] 43#43: gracefully shutting down
2025/08/15 09:08:06 [notice] 40#40: gracefully shutting down
2025/08/15 09:08:06 [notice] 44#44: gracefully shutting down
2025/08/15 09:08:06 [notice] 45#45: gracefully shutting down
2025/08/15 09:08:06 [notice] 46#46: gracefully shutting down
2025/08/15 09:08:06 [notice] 46#46: exiting
2025/08/15 09:08:06 [notice] 41#41: gracefully shutting down
2025/08/15 09:08:06 [notice] 47#47: gracefully shutting down
2025/08/15 09:08:06 [notice] 48#48: gracefully shutting down
2025/08/15 09:08:06 [notice] 50#50: gracefully shutting down
2025/08/15 09:08:06 [notice] 51#51: gracefully shutting down
2025/08/15 09:08:06 [notice] 49#49: gracefully shutting down
2025/08/15 09:08:06 [notice] 42#42: exiting
2025/08/15 09:08:06 [notice] 43#43: exiting
2025/08/15 09:08:06 [notice] 40#40: exiting
2025/08/15 09:08:06 [notice] 44#44: exiting
2025/08/15 09:08:06 [notice] 45#45: exiting
2025/08/15 09:08:06 [notice] 46#46: exit
2025/08/15 09:08:06 [notice] 41#41: exiting
2025/08/15 09:08:06 [notice] 47#47: exiting
2025/08/15 09:08:06 [notice] 48#48: exiting
2025/08/15 09:08:06 [notice] 50#50: exiting
2025/08/15 09:08:06 [notice] 51#51: exiting
2025/08/15 09:08:06 [notice] 50#50: exit
2025/08/15 09:08:06 [notice] 49#49: exiting
2025/08/15 09:08:06 [notice] 42#42: exit
2025/08/15 09:08:06 [notice] 43#43: exit
2025/08/15 09:08:06 [notice] 40#40: exit
2025/08/15 09:08:06 [notice] 44#44: exit
2025/08/15 09:08:06 [notice] 45#45: exit
2025/08/15 09:08:06 [notice] 41#41: exit
2025/08/15 09:08:06 [notice] 47#47: exit
2025/08/15 09:08:06 [notice] 48#48: exit
2025/08/15 09:08:06 [notice] 51#51: exit
2025/08/15 09:08:06 [notice] 49#49: exit
2025/08/15 09:08:06 [notice] 1#1: signal 17 (SIGCHLD) received from 50
2025/08/15 09:08:06 [notice] 1#1: worker process 44 exited with code 0
2025/08/15 09:08:06 [notice] 1#1: worker process 47 exited with code 0
2025/08/15 09:08:06 [notice] 1#1: worker process 50 exited with code 0
2025/08/15 09:08:06 [notice] 1#1: signal 29 (SIGIO) received
2025/08/15 09:08:06 [notice] 1#1: signal 17 (SIGCHLD) received from 47
2025/08/15 09:08:06 [notice] 1#1: signal 17 (SIGCHLD) received from 43
2025/08/15 09:08:06 [notice] 1#1: worker process 43 exited with code 0
2025/08/15 09:08:06 [notice] 1#1: signal 29 (SIGIO) received
2025/08/15 09:08:06 [notice] 1#1: signal 17 (SIGCHLD) received from 45
2025/08/15 09:08:06 [notice] 1#1: worker process 42 exited with code 0
2025/08/15 09:08:06 [notice] 1#1: worker process 45 exited with code 0
2025/08/15 09:08:06 [notice] 1#1: worker process 46 exited with code 0
2025/08/15 09:08:06 [notice] 1#1: signal 29 (SIGIO) received
2025/08/15 09:08:06 [notice] 1#1: signal 17 (SIGCHLD) received from 51
2025/08/15 09:08:06 [notice] 1#1: worker process 51 exited with code 0
2025/08/15 09:08:06 [notice] 1#1: signal 29 (SIGIO) received
2025/08/15 09:08:06 [notice] 1#1: signal 17 (SIGCHLD) received from 40
2025/08/15 09:08:06 [notice] 1#1: worker process 40 exited with code 0
2025/08/15 09:08:06 [notice] 1#1: worker process 41 exited with code 0
2025/08/15 09:08:06 [notice] 1#1: worker process 48 exited with code 0
2025/08/15 09:08:06 [notice] 1#1: signal 29 (SIGIO) received
2025/08/15 09:08:06 [notice] 1#1: signal 17 (SIGCHLD) received from 49
2025/08/15 09:08:06 [notice] 1#1: worker process 49 exited with code 0
2025/08/15 09:08:06 [notice] 1#1: signal 29 (SIGIO) received
2025/08/15 09:14:39 [warn] 63#63: *67 an upstream response is buffered to a temporary file /var/cache/nginx/proxy_temp/1/00/0000000001 while reading upstream, client: 172.20.0.1, server: _, request: "GET /static/js/main.547629ee.js.map HTTP/1.1", upstream: "http://172.20.0.4:80/static/js/main.547629ee.js.map", host: "localhost"
2025/08/15 09:24:30 [notice] 71#71: signal process started
2025/08/15 09:24:30 [notice] 1#1: signal 1 (SIGHUP) received from 71, reconfiguring
2025/08/15 09:24:30 [notice] 1#1: reconfiguring
2025/08/15 09:24:30 [notice] 1#1: using the "epoll" event method
2025/08/15 09:24:30 [notice] 1#1: start worker processes
2025/08/15 09:24:30 [notice] 1#1: start worker process 78
2025/08/15 09:24:30 [notice] 1#1: start worker process 79
2025/08/15 09:24:30 [notice] 1#1: start worker process 80
2025/08/15 09:24:30 [notice] 1#1: start worker process 81
2025/08/15 09:24:30 [notice] 1#1: start worker process 82
2025/08/15 09:24:30 [notice] 1#1: start worker process 83
2025/08/15 09:24:30 [notice] 1#1: start worker process 84
2025/08/15 09:24:30 [notice] 1#1: start worker process 85
2025/08/15 09:24:30 [notice] 1#1: start worker process 86
2025/08/15 09:24:30 [notice] 1#1: start worker process 87
2025/08/15 09:24:30 [notice] 1#1: start worker process 88
2025/08/15 09:24:30 [notice] 1#1: start worker process 89
2025/08/15 09:24:30 [notice] 61#61: gracefully shutting down
2025/08/15 09:24:30 [notice] 60#60: gracefully shutting down
2025/08/15 09:24:30 [notice] 59#59: gracefully shutting down
2025/08/15 09:24:30 [notice] 63#63: gracefully shutting down
2025/08/15 09:24:30 [notice] 64#64: gracefully shutting down
2025/08/15 09:24:30 [notice] 62#62: gracefully shutting down
2025/08/15 09:24:30 [notice] 66#66: gracefully shutting down
2025/08/15 09:24:30 [notice] 65#65: gracefully shutting down
2025/08/15 09:24:30 [notice] 68#68: gracefully shutting down
2025/08/15 09:24:30 [notice] 67#67: gracefully shutting down
2025/08/15 09:24:30 [notice] 69#69: gracefully shutting down
2025/08/15 09:24:30 [notice] 70#70: gracefully shutting down
2025/08/15 09:24:30 [notice] 61#61: exiting
2025/08/15 09:24:30 [notice] 60#60: exiting
2025/08/15 09:24:30 [notice] 63#63: exiting
2025/08/15 09:24:30 [notice] 64#64: exiting
2025/08/15 09:24:30 [notice] 70#70: exiting
2025/08/15 09:24:30 [notice] 59#59: exiting
2025/08/15 09:24:30 [notice] 62#62: exiting
2025/08/15 09:24:30 [notice] 68#68: exiting
2025/08/15 09:24:30 [notice] 66#66: exiting
2025/08/15 09:24:30 [notice] 65#65: exiting
2025/08/15 09:24:30 [notice] 61#61: exit
2025/08/15 09:24:30 [notice] 69#69: exiting
2025/08/15 09:24:30 [notice] 67#67: exiting
2025/08/15 09:24:30 [notice] 64#64: exit
2025/08/15 09:24:30 [notice] 63#63: exit
2025/08/15 09:24:30 [notice] 60#60: exit
2025/08/15 09:24:30 [notice] 70#70: exit
2025/08/15 09:24:30 [notice] 59#59: exit
2025/08/15 09:24:30 [notice] 68#68: exit
2025/08/15 09:24:30 [notice] 62#62: exit
2025/08/15 09:24:30 [notice] 66#66: exit
2025/08/15 09:24:30 [notice] 65#65: exit
2025/08/15 09:24:30 [notice] 69#69: exit
2025/08/15 09:24:30 [notice] 67#67: exit
2025/08/15 09:24:30 [notice] 1#1: signal 17 (SIGCHLD) received from 60
2025/08/15 09:24:30 [notice] 1#1: worker process 60 exited with code 0
2025/08/15 09:24:30 [notice] 1#1: worker process 64 exited with code 0
2025/08/15 09:24:30 [notice] 1#1: worker process 65 exited with code 0
2025/08/15 09:24:30 [notice] 1#1: signal 29 (SIGIO) received
2025/08/15 09:24:31 [notice] 1#1: signal 17 (SIGCHLD) received from 61
2025/08/15 09:24:31 [notice] 1#1: worker process 61 exited with code 0
2025/08/15 09:24:31 [notice] 1#1: worker process 62 exited with code 0
2025/08/15 09:24:31 [notice] 1#1: worker process 67 exited with code 0
2025/08/15 09:24:31 [notice] 1#1: worker process 68 exited with code 0
2025/08/15 09:24:31 [notice] 1#1: worker process 66 exited with code 0
2025/08/15 09:24:31 [notice] 1#1: worker process 63 exited with code 0
2025/08/15 09:24:31 [notice] 1#1: worker process 69 exited with code 0
2025/08/15 09:24:31 [notice] 1#1: worker process 70 exited with code 0
2025/08/15 09:24:31 [notice] 1#1: signal 29 (SIGIO) received
2025/08/15 09:24:31 [notice] 1#1: signal 17 (SIGCHLD) received from 62
2025/08/15 09:24:31 [notice] 1#1: worker process 59 exited with code 0
2025/08/15 09:24:31 [notice] 1#1: signal 29 (SIGIO) received
2025/08/15 09:29:09 [warn] 81#81: *97 an upstream response is buffered to a temporary file /var/cache/nginx/proxy_temp/2/00/0000000002 while reading upstream, client: 172.20.0.1, server: _, request: "GET /static/js/main.34264762.js.map HTTP/1.1", upstream: "http://172.20.0.4:80/static/js/main.34264762.js.map", host: "localhost"
2025/08/15 09:30:10 [error] 78#78: *79 upstream timed out (110: Operation timed out) while reading response header from upstream, client: 172.20.0.1, server: _, request: "POST /api/like HTTP/1.1", upstream: "http://172.20.0.2:4000/like", host: "localhost", referrer: "http://localhost/"
2025/08/15 09:50:49 [error] 86#86: *785 upstream timed out (110: Operation timed out) while reading response header from upstream, client: 172.20.0.1, server: _, request: "GET /api/likeVideo?user_id=1&last_id=0 HTTP/1.1", upstream: "http://172.20.0.2:4000/likeVideo?user_id=1&last_id=0", host: "localhost", referrer: "http://localhost/profile"
2025/08/15 09:51:09 [error] 87#87: *788 upstream timed out (110: Operation timed out) while reading response header from upstream, client: 172.20.0.1, server: _, request: "GET /api/likeVideo?user_id=1&last_id=0 HTTP/1.1", upstream: "http://172.20.0.2:4000/likeVideo?user_id=1&last_id=0", host: "localhost", referrer: "http://localhost/profile"
2025/08/15 09:51:11 [error] 85#85: *546 upstream timed out (110: Operation timed out) while reading response header from upstream, client: 172.20.0.1, server: _, request: "GET /api/likeVideo?user_id=1&last_id=0 HTTP/1.1", upstream: "http://172.20.0.2:4000/likeVideo?user_id=1&last_id=0", host: "localhost", referrer: "http://localhost/profile"
2025/08/15 09:51:18 [error] 89#89: *858 upstream timed out (110: Operation timed out) while reading response header from upstream, client: 172.20.0.1, server: _, request: "GET /api/likeVideo?user_id=1&last_id=0 HTTP/1.1", upstream: "http://172.20.0.2:4000/likeVideo?user_id=1&last_id=0", host: "localhost", referrer: "http://localhost/profile"
2025/08/15 09:51:21 [error] 78#78: *860 upstream timed out (110: Operation timed out) while reading response header from upstream, client: 172.20.0.1, server: _, request: "GET /api/likeVideo?user_id=1&last_id=0 HTTP/1.1", upstream: "http://172.20.0.2:4000/likeVideo?user_id=1&last_id=0", host: "localhost", referrer: "http://localhost/profile"
2025/08/16 07:55:56 [notice] 1#1: using the "epoll" event method
2025/08/16 07:55:56 [notice] 1#1: nginx/1.29.0
2025/08/16 07:55:56 [notice] 1#1: built by gcc 14.2.0 (Alpine 14.2.0) 
2025/08/16 07:55:56 [notice] 1#1: OS: Linux 6.6.87.2-microsoft-standard-WSL2
2025/08/16 07:55:56 [notice] 1#1: getrlimit(RLIMIT_NOFILE): 1048576:1048576
2025/08/16 07:55:56 [notice] 1#1: start worker processes
2025/08/16 07:55:56 [notice] 1#1: start worker process 20
2025/08/16 07:55:56 [notice] 1#1: start worker process 21
2025/08/16 07:55:56 [notice] 1#1: start worker process 22
2025/08/16 07:55:56 [notice] 1#1: start worker process 23
2025/08/16 07:55:56 [notice] 1#1: start worker process 24
2025/08/16 07:55:56 [notice] 1#1: start worker process 25
2025/08/16 07:55:56 [notice] 1#1: start worker process 26
2025/08/16 07:55:56 [notice] 1#1: start worker process 27
2025/08/16 07:55:56 [notice] 1#1: start worker process 28
2025/08/16 07:55:56 [notice] 1#1: start worker process 29
2025/08/16 07:55:56 [notice] 1#1: start worker process 30
2025/08/16 07:55:56 [notice] 1#1: start worker process 31
2025/08/16 08:07:15 [error] 23#23: *16 upstream timed out (110: Operation timed out) while reading response header from upstream, client: 172.20.0.1, server: _, request: "GET /api/likeVideo?user_id=1&last_id=0 HTTP/1.1", upstream: "http://172.20.0.3:4000/likeVideo?user_id=1&last_id=0", host: "localhost", referrer: "http://localhost/profile"
2025/08/16 08:22:14 [error] 20#20: *85 upstream timed out (110: Operation timed out) while reading response header from upstream, client: 172.20.0.1, server: _, request: "POST /api/like?userID=1&idVideo=1 HTTP/1.1", upstream: "http://172.20.0.3:4000/like?userID=1&idVideo=1", host: "localhost"
2025/08/16 08:23:50 [error] 20#20: *150 upstream timed out (110: Operation timed out) while reading response header from upstream, client: 172.20.0.1, server: _, request: "POST /api/like?userID=1&idVideo=1 HTTP/1.1", upstream: "http://172.20.0.3:4000/like?userID=1&idVideo=1", host: "localhost"
2025/08/16 08:45:37 [error] 20#20: *795 upstream timed out (110: Operation timed out) while reading response header from upstream, client: 172.20.0.1, server: _, request: "GET /api/likeVideo?user_id=1&last_id=0 HTTP/1.1", upstream: "http://172.20.0.3:4000/likeVideo?user_id=1&last_id=0", host: "localhost", referrer: "http://localhost/profile"
2025/08/16 08:46:07 [warn] 20#20: *795 a client request body is buffered to a temporary file /var/cache/nginx/client_temp/0000000001, client: 172.20.0.1, server: _, request: "POST /api/upload HTTP/1.1", host: "localhost", referrer: "http://localhost/upload"
2025/08/16 08:46:23 [error] 20#20: *815 upstream timed out (110: Operation timed out) while reading response header from upstream, client: 172.20.0.1, server: _, request: "GET /api/likeVideo?user_id=1&last_id=1 HTTP/1.1", upstream: "http://172.20.0.3:4000/likeVideo?user_id=1&last_id=1", host: "localhost"
2025/08/16 08:47:55 [error] 20#20: *795 upstream timed out (110: Operation timed out) while reading response header from upstream, client: 172.20.0.1, server: _, request: "GET /api/likeVideo?user_id=1&last_id=0 HTTP/1.1", upstream: "http://172.20.0.3:4000/likeVideo?user_id=1&last_id=0", host: "localhost", referrer: "http://localhost/profile"
2025/08/16 08:48:17 [error] 20#20: *825 upstream timed out (110: Operation timed out) while reading response header from upstream, client: 172.20.0.1, server: _, request: "GET /api/likeVideo?user_id=1&last_id=0 HTTP/1.1", upstream: "http://172.20.0.3:4000/likeVideo?user_id=1&last_id=0", host: "localhost", referrer: "http://localhost/profile"
2025/08/16 08:48:27 [error] 20#20: *850 upstream timed out (110: Operation timed out) while reading response header from upstream, client: 172.20.0.1, server: _, request: "GET /api/likeVideo?user_id=1&last_id=0 HTTP/1.1", upstream: "http://172.20.0.3:4000/likeVideo?user_id=1&last_id=0", host: "localhost", referrer: "http://localhost/profile"
2025/08/16 09:02:46 [error] 20#20: *852 upstream timed out (110: Operation timed out) while reading response header from upstream, client: 172.20.0.1, server: _, request: "GET /api/likeVideo?user_id=1&last_id=0 HTTP/1.1", upstream: "http://172.20.0.3:4000/likeVideo?user_id=1&last_id=0", host: "localhost", referrer: "http://localhost/profile"
2025/08/16 09:02:55 [error] 20#20: *858 upstream timed out (110: Operation timed out) while reading response header from upstream, client: 172.20.0.1, server: _, request: "GET /api/likeVideo?user_id=1&last_id=0 HTTP/1.1", upstream: "http://172.20.0.3:4000/likeVideo?user_id=1&last_id=0", host: "localhost", referrer: "http://localhost/profile"
2025/08/16 09:02:59 [error] 20#20: *865 upstream timed out (110: Operation timed out) while reading response header from upstream, client: 172.20.0.1, server: _, request: "GET /api/likeVideo?user_id=1&last_id=0 HTTP/1.1", upstream: "http://172.20.0.3:4000/likeVideo?user_id=1&last_id=0", host: "localhost", referrer: "http://localhost/profile"
2025/08/16 09:03:26 [error] 21#21: *873 upstream timed out (110: Operation timed out) while reading response header from upstream, client: 172.20.0.1, server: _, request: "GET /api/likeVideo?user_id=1&last_id=0 HTTP/1.1", upstream: "http://172.20.0.3:4000/likeVideo?user_id=1&last_id=0", host: "localhost", referrer: "http://localhost/profile"
2025/08/16 09:15:14 [error] 21#21: *880 upstream timed out (110: Operation timed out) while reading response header from upstream, client: 172.20.0.1, server: _, request: "GET /api/likeVideo?user_id=1&last_id=0 HTTP/1.1", upstream: "http://172.20.0.3:4000/likeVideo?user_id=1&last_id=0", host: "localhost", referrer: "http://localhost/profile"
2025/08/16 09:15:36 [error] 21#21: *884 upstream timed out (110: Operation timed out) while reading response header from upstream, client: 172.20.0.1, server: _, request: "GET /api/likeVideo?user_id=1&last_id=0 HTTP/1.1", upstream: "http://172.20.0.3:4000/likeVideo?user_id=1&last_id=0", host: "localhost", referrer: "http://localhost/profile"
2025/08/16 09:21:14 [error] 21#21: *1090 upstream timed out (110: Operation timed out) while reading response header from upstream, client: 172.20.0.1, server: _, request: "GET /api/likeVideo?user_id=1&last_id=0 HTTP/1.1", upstream: "http://172.20.0.3:4000/likeVideo?user_id=1&last_id=0", host: "localhost", referrer: "http://localhost/profile"
2025/08/16 09:26:52 [error] 21#21: *1304 upstream timed out (110: Operation timed out) while reading response header from upstream, client: 172.20.0.1, server: _, request: "GET /api/likeVideo?last_id=0 HTTP/1.1", upstream: "http://172.20.0.3:4000/likeVideo?last_id=0", host: "localhost"
2025/08/16 09:39:08 [warn] 21#21: *1630 an upstream response is buffered to a temporary file /var/cache/nginx/proxy_temp/2/00/0000000002 while reading upstream, client: 172.20.0.1, server: _, request: "GET /static/js/main.34264762.js.map HTTP/1.1", upstream: "http://172.20.0.4:80/static/js/main.34264762.js.map", host: "localhost"
2025/08/16 10:16:25 [warn] 32#32: the "listen ... http2" directive is deprecated, use the "http2" directive instead in /etc/nginx/conf.d/prod.conf:27
2025/08/16 10:16:25 [warn] 32#32: the "listen ... http2" directive is deprecated, use the "http2" directive instead in /etc/nginx/conf.d/prod.conf:89
2025/08/16 10:16:25 [emerg] 32#32: cannot load certificate "/etc/letsencrypt/live/tiktok.io.vn/fullchain.pem": BIO_new_file() failed (SSL: error:80000002:system library::No such file or directory:calling fopen(/etc/letsencrypt/live/tiktok.io.vn/fullchain.pem, r) error:10000080:BIO routines::no such file)
2025/08/16 10:16:26 [warn] 38#38: the "listen ... http2" directive is deprecated, use the "http2" directive instead in /etc/nginx/conf.d/prod.conf:27
2025/08/16 10:16:26 [warn] 38#38: the "listen ... http2" directive is deprecated, use the "http2" directive instead in /etc/nginx/conf.d/prod.conf:89
2025/08/16 10:16:26 [emerg] 38#38: cannot load certificate "/etc/letsencrypt/live/tiktok.io.vn/fullchain.pem": BIO_new_file() failed (SSL: error:80000002:system library::No such file or directory:calling fopen(/etc/letsencrypt/live/tiktok.io.vn/fullchain.pem, r) error:10000080:BIO routines::no such file)
